// Jest Snapshot v1, https://goo.gl/fbAQLP

exports[`<Switch/> renders correctly 1`] = `
<label
  className="Switch__Label-sc-155zm2u-0 cezvMb"
>
  <input
    className="Switch__CSwitch-sc-155zm2u-1 SDUua"
    color="default"
    label=""
    size="default"
    type="checkbox"
  />
  
</label>
`;
