// Jest Snapshot v1, https://goo.gl/fbAQLP

exports[`<TextInput/> renders correctly 1`] = `
<label
  className="TextInput__Label-sc-1cy0fo1-0 dKZtcB"
  color="blue"
>
  
  <input
    className="TextInput__CTextInput-sc-1cy0fo1-1 eNqmpL"
    color="blue"
    label=""
    type="text"
  />
</label>
`;
